{"keywords":"keyword-a, keyword-b, keyword-c","series":"AllAboutCars","cat":["IAB2-2"],"season":"2","episode":23,"id":"1234567893-2","title":"CarShow"}