{"zip":"90049","country":"USA","city":"Los Angeles","metro":"803","utcoffset":1,"accuracy":1,"lon":-115.12345,"type":1,"region":"CA","regionfips104":"USA","lat":35.012344,"lastfix":1}