{"cat":["IAB2-2"],"domain":"test.domain.com","name":"blah"}